         [37;1mindex                             [0m[37;1midx_scan  [0m[37;1midx_tup_read  [0m[37;1midx_tup_fetch  [0m[37;1midx_read  [0m[37;1midx_hit                           [0m
15:31:24 public.pgbench_tellers.pgbench_~  0         0             0              0         0
         public.pgbench_branches.pgbench~  0         0             0              0         0
         public.pgbench_accounts_2021_01~  0         0             0              0         0
         public.pgbench_accounts.pgbench~  0         0             0              0         0
15:31:25 public.pgbench_tellers.pgbench_~  0         0             0              0         0
         public.pgbench_branches.pgbench~  0         0             0              0         0
         public.pgbench_accounts_2021_01~  0         0             0              0         0
         public.pgbench_accounts.pgbench~  0         0             0              0         0
15:31:26 public.pgbench_tellers.pgbench_~  0         0             0              0         0
         public.pgbench_branches.pgbench~  0         0             0              0         0
         public.pgbench_accounts_2021_01~  0         0             0              0         0
         public.pgbench_accounts.pgbench~  0         0             0              0         0
15:31:27 public.pgbench_tellers.pgbench_~  0         0             0              0         0
         public.pgbench_branches.pgbench~  0         0             0              0         0
         public.pgbench_accounts_2021_01~  0         0             0              0         0
         public.pgbench_accounts.pgbench~  0         0             0              0         0
15:31:28 public.pgbench_tellers.pgbench_~  4         4             4              24        5
         public.pgbench_branches.pgbench~  0         0             0              0         0
         public.pgbench_accounts_2021_01~  0         0             0              34008     0
         public.pgbench_accounts.pgbench~  9         1438595       1437693        31440     29
         [37;1mindex                             [0m[37;1midx_scan  [0m[37;1midx_tup_read  [0m[37;1midx_tup_fetch  [0m[37;1midx_read  [0m[37;1midx_hit                           [0m
15:31:29 public.pgbench_tellers.pgbench_~  0         0             0              0         0
         public.pgbench_branches.pgbench~  0         0             0              0         0
         public.pgbench_accounts_2021_01~  0         0             0              0         0
         public.pgbench_accounts.pgbench~  0         0             0              0         0
15:31:30 public.pgbench_tellers.pgbench_~  8         8             8              24        13
         public.pgbench_branches.pgbench~  0         0             0              0         0
         public.pgbench_accounts_2021_01~  0         0             0              0         0
         public.pgbench_accounts.pgbench~  16        16            16             120       33
15:31:31 public.pgbench_tellers.pgbench_~  8         8             8              0         16
         public.pgbench_branches.pgbench~  0         0             0              8         0
         public.pgbench_accounts_2021_01~  0         0             0              0         0
         public.pgbench_accounts.pgbench~  16        17            16             112       37
15:31:32 public.pgbench_tellers.pgbench_~  8         8             8              0         16
         public.pgbench_branches.pgbench~  0         0             0              0         0
         public.pgbench_accounts_2021_01~  0         0             0              0         0
         public.pgbench_accounts.pgbench~  16        19            16             112       43
