         [37;1mrelation                 [0m[37;1mseq_scan  [0m[37;1mseq_read  [0m[37;1midx_scan  [0m[37;1midx_fetch  [0m[37;1minserts   [0m[37;1mupdates   [0m[37;1mdeletes   [0m[37;1mhot_updates  [0m[37;1mlive      [0m[37;1mdead      [0m[37;1mheap_read,KiB  [0m[37;1mheap_hit  [0m[37;1midx_read,KiB  [0m[37;1midx_hit   [0m[37;1mtoast_read,KiB  [0m[37;1mtoast_hit  [0m[37;1mtidx_read,KiB  [0m[37;1mtidx_hit                          [0m
11:56:34 public.pgbench_tellers   0         0         35        35         0         35        0         35           0         30        96             98        8             69        0               0          0              0
         public.pgbench_history   0         0         0         0          35        0         0         0            35        0         88             24        0             0         0               0          0              0
         public.pgbench_branches  0         0         35        35         0         35        0         35           0         35        40             105       0             35        0               0          0              0
         public.pgbench_accounts  0         0         23277     23277      0         35        0         4            0         0         180464         974       151392        51061     0               0          0              0
11:56:35 public.pgbench_tellers   0         0         53        53         0         53        0         53           0         23        96             148       0             106       0               0          0              0
         public.pgbench_history   0         0         0         0          53        0         0         0            53        0         40             48        0             0         0               0          0              0
         public.pgbench_branches  0         0         53        53         0         53        0         53           0         53        56             177       0             53        0               0          0              0
         public.pgbench_accounts  0         0         32721     32721      0         53        0         6            0         12        253456         1401      212768        71776     0               0          0              0
11:56:36 public.pgbench_tellers   0         0         37        37         0         37        0         37           0         -17       112            97        8             73        0               0          0              0
         public.pgbench_history   0         0         0         0          37        0         0         0            37        0         72             28        0             0         0               0          0              0
         public.pgbench_branches  0         0         37        37         0         37        0         37           0         -67       48             105       0             37        0               0          0              0
         public.pgbench_accounts  0         0         25971     25971      0         37        0         4            0         -6        201128         1091      169336        56896     0               0          0              0
11:56:37 public.pgbench_tellers   0         0         34        34         0         34        0         34           0         11        56             95        8             67        0               0          0              0
         public.pgbench_history   0         0         0         0          34        0         0         0            34        0         88             23        0             0         0               0          0              0
         public.pgbench_branches  0         0         34        34         0         34        0         34           0         34        64             104       0             34        0               0          0              0
         public.pgbench_accounts  0         0         26479     26479      0         34        0         4            0         4         205176         1082      171952        58089     0               0          0              0
11:56:38 public.pgbench_tellers   0         0         39        39         0         39        0         39           0         13        64             109       8             77        0               0          0              0
         public.pgbench_history   0         0         0         0          39        0         0         0            39        0         80             29        0             0         0               0          0              0
         public.pgbench_branches  0         0         39        39         0         39        0         39           0         39        64             114       0             39        0               0          0              0
         public.pgbench_accounts  0         0         22666     22666      0         39        0         6            0         13        175320         1004      146896        49776     0               0          0              0
         [37;1mrelation                 [0m[37;1mseq_scan  [0m[37;1mseq_read  [0m[37;1midx_scan  [0m[37;1midx_fetch  [0m[37;1minserts   [0m[37;1mupdates   [0m[37;1mdeletes   [0m[37;1mhot_updates  [0m[37;1mlive      [0m[37;1mdead      [0m[37;1mheap_read,KiB  [0m[37;1mheap_hit  [0m[37;1midx_read,KiB  [0m[37;1midx_hit   [0m[37;1mtoast_read,KiB  [0m[37;1mtoast_hit  [0m[37;1mtidx_read,KiB  [0m[37;1mtidx_hit                          [0m
11:56:39 public.pgbench_tellers   0         0         33        33         0         33        0         33           0         -6        104            87        0             66        0               0          0              0
         public.pgbench_history   0         0         0         0          33        0         0         0            33        0         64             25        0             0         0               0          0              0
         public.pgbench_branches  0         0         33        33         0         33        0         33           0         33        40             104       0             33        0               0          0              0
         public.pgbench_accounts  0         0         22660     22660      0         33        0         2            0         9         175824         929       147208        49729     0               0          0              0
11:56:40 public.pgbench_tellers   0         0         37        37         0         37        0         36           0         -9        144            99        8             75        0               0          0              0
         public.pgbench_history   0         0         0         0          37        0         0         0            37        0         72             28        0             0         0               0          0              0
         public.pgbench_branches  0         0         37        37         0         37        0         37           0         -64       32             117       0             37        0               0          0              0
         public.pgbench_accounts  0         0         11897     11897      0         37        0         11           0         26        91920          622       77760         26085     0               0          0              0
11:56:41 public.pgbench_tellers   0         0         32        32         0         32        0         32           0         3         80             86        8             63        0               0          0              0
         public.pgbench_history   0         0         0         0          32        0         0         0            32        0         16             30        0             0         0               0          0              0
         public.pgbench_branches  0         0         32        32         0         32        0         32           0         32        40             91        0             32        0               0          0              0
         public.pgbench_accounts  0         0         29633     29633      0         32        0         6            0         15        229496         1185      191880        65063     0               0          0              0
11:56:42 public.pgbench_tellers   0         0         52        52         0         52        0         52           0         12        152            142       8             103       0               0          0              0
         public.pgbench_history   0         0         0         0          52        0         0         0            52        0         120            37        0             0         0               0          0              0
         public.pgbench_branches  0         0         52        52         0         52        0         52           0         52        80             161       0             52        0               0          0              0
         public.pgbench_accounts  0         0         26425     26425      0         52        0         9            0         37        204336         1210      172136        57938     0               0          0              0
