         [37;1mdatname                   [0m[37;1mcommits   [0m[37;1mrollbacks  [0m[37;1mreads     [0m[37;1mhits      [0m[37;1mreturned  [0m[37;1mfetched   [0m[37;1minserts   [0m[37;1mupdates   [0m[37;1mdeletes   [0m[37;1mconflicts  [0m[37;1mdeadlocks  [0m[37;1mcsum_fails  [0m[37;1mtemp_files  [0m[37;1mtemp_bytes  [0m[37;1mread_t    [0m[37;1mwrite_t   [0m[37;1mstats_age                         [0m
15:31:24 testdb                    0         0          0         0         0         0         0         0         0         0          0          0           0           0           0.00      0.00      31 days 01:21:26
         template1                 2         0          136       66        1211      14        0         0         0         0          0          0           0           0           0.07      0.00      28 days 18:55:46
         template0                 0         0          0         0         0         0         0         0         0         0          0          0           0           0           0.00      0.00      
         postgres                  2         0          136       66        1211      14        0         0         0         0          0          0           0           0           0.07      0.00      31 days 01:21:28
         pgscv_fixtures            0         0          0         0         0         0         0         0         0         0          0          0           0           0           0.00      0.00      31 days 01:21:26
         pgcenter_fixtures_config  2         0          224       55        1211      14        0         0         0         0          0          0           0           0           0.11      0.00      20 days 18:53:15
         pgcenter_fixtures         2         0          776       67        4274      14        0         0         0         0          0          0           0           0           0.75      0.00      6 days 23:23:05
         pgbench                   17        0          1888      2576      12027     1483      0         0         0         0          0          0           2           100237312   0.89      0.00      31 days 01:21:27
         noisia_fixtures           2         0          128       67        1211      14        0         0         0         0          0          0           0           0           0.17      0.00      31 days 01:21:26
         noisia                    2         0          128       67        1224      14        0         0         0         0          0          0           0           0           0.08      0.00      31 days 01:21:26
         lesovsky                  2         0          776       58        4265      14        0         0         0         0          0          0           0           0           0.32      0.00      31 days 01:21:27
         accounts_db_test          0         0          0         0         0         0         0         0         0         0          0          0           0           0           0.00      0.00      31 days 01:21:26
                                   0         0          0         146       265       35        0         0         0         0          0          0           0           0           0.00      0.00      31 days 01:21:32
15:31:25 testdb                    2         0          256       51        1235      14        0         0         0         0          0          0           0           0           0.12      0.00      31 days 01:21:26
         template1                 2         0          128       67        1211      14        0         0         0         0          0          0           0           0           0.16      0.00      28 days 18:55:47
         template0                 0         0          0         0         0         0         0         0         0         0          0          0           0           0           0.00      0.00      
         postgres                  0         0          0         0         0         0         0         0         0         0          0          0           0           0           0.00      0.00      31 days 01:21:29
         pgscv_fixtures            2         0          136       66        1348      14        0         0         0         0          0          0           0           0           0.08      0.00      31 days 01:21:27
         pgcenter_fixtures_config  0         0          0         0         0         0         0         0         0         0          0          0           0           0           0.00      0.00      20 days 18:53:16
         pgcenter_fixtures         2         0          784       66        4274      14        0         0         0         0          0          0           0           0           0.30      0.00      6 days 23:23:06
         pgbench                   18        0          1176      2695      12041     1497      0         0         0         0          0          0           1           60129280    0.59      0.00      31 days 01:21:28
         noisia_fixtures           2         0          136       66        1211      14        0         0         0         0          0          0           0           0           0.06      0.00      31 days 01:21:27
         noisia                    2         0          136       66        1224      14        0         0         0         0          0          0           0           0           0.07      0.00      31 days 01:21:27
         lesovsky                  2         0          776       58        4265      14        0         0         0         0          0          0           0           0           0.31      0.00      31 days 01:21:28
         accounts_db_test          2         0          136       66        1268      14        0         0         0         0          0          0           0           0           0.08      0.00      31 days 01:21:27
                                   0         0          48        177       287       45        0         0         0         0          0          0           0           0           0.00      0.00      31 days 01:21:33
         [37;1mdatname                   [0m[37;1mcommits   [0m[37;1mrollbacks  [0m[37;1mreads     [0m[37;1mhits      [0m[37;1mreturned  [0m[37;1mfetched   [0m[37;1minserts   [0m[37;1mupdates   [0m[37;1mdeletes   [0m[37;1mconflicts  [0m[37;1mdeadlocks  [0m[37;1mcsum_fails  [0m[37;1mtemp_files  [0m[37;1mtemp_bytes  [0m[37;1mread_t    [0m[37;1mwrite_t   [0m[37;1mstats_age                         [0m
15:31:26 testdb                    2         0          0         83        1235      14        0         0         0         0          0          0           0           0           0.00      0.00      31 days 01:21:28
         template1                 2         0          0         83        1211      14        0         0         0         0          0          0           0           0           0.00      0.00      28 days 18:55:48
         template0                 0         0          0         0         0         0         0         0         0         0          0          0           0           0           0.00      0.00      
         postgres                  2         0          128       67        1211      14        0         0         0         0          0          0           0           0           0.18      0.00      31 days 01:21:30
         pgscv_fixtures            2         0          0         83        1348      14        0         0         0         0          0          0           0           0           0.00      0.00      31 days 01:21:28
         pgcenter_fixtures_config  2         0          112       69        1211      14        0         0         0         0          0          0           0           0           0.06      0.00      20 days 18:53:17
         pgcenter_fixtures         2         0          0         164       4274      14        0         0         0         0          0          0           0           0           0.00      0.00      6 days 23:23:07
         pgbench                   17        0          0         2716      7770      1497      0         0         0         0          0          0           0           0           0.00      0.00      31 days 01:21:29
         noisia_fixtures           2         0          0         83        1211      14        0         0         0         0          0          0           0           0           0.00      0.00      31 days 01:21:28
         noisia                    2         0          0         83        1224      14        0         0         0         0          0          0           0           0           0.00      0.00      31 days 01:21:28
         lesovsky                  2         0          0         155       4265      14        0         0         0         0          0          0           0           0           0.00      0.00      31 days 01:21:29
         accounts_db_test          2         0          0         83        1268      14        0         0         0         0          0          0           0           0           0.00      0.00      31 days 01:21:28
                                   0         0          0         216       307       53        0         0         0         0          0          0           0           0           0.00      0.00      31 days 01:21:34
15:31:27 testdb                    2         0          112       69        1235      14        0         0         0         0          0          0           0           0           0.15      0.00      31 days 01:21:29
         template1                 0         0          0         0         0         0         0         0         0         0          0          0           0           0           0.00      0.00      28 days 18:55:49
         template0                 0         0          0         0         0         0         0         0         0         0          0          0           0           0           0.00      0.00      
         postgres                  2         0          0         83        1211      14        0         0         0         0          0          0           0           0           0.00      0.00      31 days 01:21:31
         pgscv_fixtures            2         0          0         83        1348      14        0         0         0         0          0          0           0           0           0.00      0.00      31 days 01:21:29
         pgcenter_fixtures_config  2         0          0         83        1211      14        0         0         0         0          0          0           0           0           0.00      0.00      20 days 18:53:18
         pgcenter_fixtures         2         0          0         164       4274      14        0         0         0         0          0          0           0           0           0.00      0.00      6 days 23:23:08
         pgbench                   18        0          0         2842      12041     1497      0         0         0         0          0          0           0           0           0.00      0.00      31 days 01:21:30
         noisia_fixtures           2         0          0         83        1211      14        0         0         0         0          0          0           0           0           0.00      0.00      31 days 01:21:29
         noisia                    2         0          0         83        1224      14        0         0         0         0          0          0           0           0           0.00      0.00      31 days 01:21:29
         lesovsky                  0         0          0         0         0         0         0         0         0         0          0          0           0           0           0.00      0.00      31 days 01:21:30
         accounts_db_test          2         0          112       69        1268      14        0         0         0         0          0          0           0           0           0.15      0.04      31 days 01:21:29
                                   0         0          0         181       286       44        0         0         0         0          0          0           0           0           0.00      0.00      31 days 01:21:35
         [37;1mdatname                   [0m[37;1mcommits   [0m[37;1mrollbacks  [0m[37;1mreads     [0m[37;1mhits      [0m[37;1mreturned  [0m[37;1mfetched   [0m[37;1minserts   [0m[37;1mupdates   [0m[37;1mdeletes   [0m[37;1mconflicts  [0m[37;1mdeadlocks  [0m[37;1mcsum_fails  [0m[37;1mtemp_files  [0m[37;1mtemp_bytes  [0m[37;1mread_t    [0m[37;1mwrite_t   [0m[37;1mstats_age                         [0m
15:31:28 testdb                    2         0          0         83        1235      14        0         0         0         0          0          0           0           0           0.00      0.00      31 days 01:21:30
         template1                 2         0          0         83        1211      14        0         0         0         0          0          0           0           0           0.00      0.00      28 days 18:55:50
         template0                 0         0          0         0         0         0         0         0         0         0          0          0           0           0           0.00      0.00      
         postgres                  2         0          0         83        1211      14        0         0         0         0          0          0           0           0           0.00      0.00      31 days 01:21:32
         pgscv_fixtures            2         0          0         83        1348      14        0         0         0         0          0          0           0           0           0.00      0.00      31 days 01:21:30
         pgcenter_fixtures_config  2         0          0         83        1211      14        0         0         0         0          0          0           0           0           0.00      0.00      20 days 18:53:19
         pgcenter_fixtures         0         0          0         0         0         0         0         0         0         0          0          0           0           0           0.00      0.00      6 days 23:23:09
         pgbench                   26        1          2605192   792558    8887002   1439465   24        13        0         0          0          0           0           0           2428.17   10.81     31 days 01:21:31
         noisia_fixtures           0         0          0         0         0         0         0         0         0         0          0          0           0           0           0.00      0.00      31 days 01:21:30
         noisia                    0         0          0         0         0         0         0         0         0         0          0          0           0           0           0.00      0.00      31 days 01:21:30
         lesovsky                  2         0          0         155       4265      14        0         0         0         0          0          0           0           0           0.00      0.00      31 days 01:21:31
         accounts_db_test          2         0          0         83        1268      14        0         0         0         0          0          0           0           0           0.00      0.00      31 days 01:21:30
                                   0         0          24        168       272       42        0         0         0         0          0          0           0           0           0.00      0.00      31 days 01:21:36
15:31:29 testdb                    0         0          0         0         0         0         0         0         0         0          0          0           0           0           0.00      0.00      31 days 01:21:31
         template1                 2         0          0         83        1211      14        0         0         0         0          0          0           0           0           0.00      0.00      28 days 18:55:51
         template0                 0         0          0         0         0         0         0         0         0         0          0          0           0           0           0.00      0.00      
         postgres                  2         0          0         83        1211      14        0         0         0         0          0          0           0           0           0.00      0.00      31 days 01:21:33
         pgscv_fixtures            0         0          0         0         0         0         0         0         0         0          0          0           0           0           0.00      0.00      31 days 01:21:31
         pgcenter_fixtures_config  2         0          0         83        1211      14        0         0         0         0          0          0           0           0           0.00      0.00      20 days 18:53:20
         pgcenter_fixtures         2         0          0         164       4274      14        0         0         0         0          0          0           0           0           0.00      0.00      6 days 23:23:10
         pgbench                   21        0          136       2870      12247     1504      4         12        0         0          0          0           0           0           69.35     0.00      31 days 01:21:32
         noisia_fixtures           2         0          0         83        1211      14        0         0         0         0          0          0           0           0           0.00      0.00      31 days 01:21:31
         noisia                    2         0          0         83        1224      14        0         0         0         0          0          0           0           0           0.00      0.00      31 days 01:21:31
         lesovsky                  2         0          0         155       4265      14        0         0         0         0          0          0           0           0           0.00      0.00      31 days 01:21:32
         accounts_db_test          0         0          0         0         0         0         0         0         0         0          0          0           0           0           0.00      0.00      31 days 01:21:31
                                   0         0          0         146       242       36        0         0         0         0          0          0           0           0           0.00      0.00      31 days 01:21:37
         [37;1mdatname                   [0m[37;1mcommits   [0m[37;1mrollbacks  [0m[37;1mreads     [0m[37;1mhits      [0m[37;1mreturned  [0m[37;1mfetched   [0m[37;1minserts   [0m[37;1mupdates   [0m[37;1mdeletes   [0m[37;1mconflicts  [0m[37;1mdeadlocks  [0m[37;1mcsum_fails  [0m[37;1mtemp_files  [0m[37;1mtemp_bytes  [0m[37;1mread_t    [0m[37;1mwrite_t   [0m[37;1mstats_age                         [0m
15:31:30 testdb                    2         0          0         83        1235      14        0         0         0         0          0          0           0           0           0.00      0.00      31 days 01:21:32
         template1                 2         0          0         83        1211      14        0         0         0         0          0          0           0           0           0.00      0.00      28 days 18:55:52
         template0                 0         0          0         0         0         0         0         0         0         0          0          0           0           0           0.00      0.00      
         postgres                  0         0          0         0         0         0         0         0         0         0          0          0           0           0           0.00      0.00      31 days 01:21:34
         pgscv_fixtures            2         0          0         83        1348      14        0         0         0         0          0          0           0           0           0.00      0.00      31 days 01:21:32
         pgcenter_fixtures_config  0         0          0         0         0         0         0         0         0         0          0          0           0           0           0.00      0.00      20 days 18:53:21
         pgcenter_fixtures         2         0          0         164       4274      14        0         0         0         0          0          0           0           0           0.00      0.00      6 days 23:23:11
         pgbench                   8         1          98880     16157     3798      55        6         18        0         0          0          0           0           0           84.57     6.73      31 days 01:21:33
         noisia_fixtures           2         0          0         83        1211      14        0         0         0         0          0          0           0           0           0.00      0.00      31 days 01:21:32
         noisia                    2         0          0         83        1224      14        0         0         0         0          0          0           0           0           0.00      0.00      31 days 01:21:32
         lesovsky                  2         0          0         155       4265      14        0         0         0         0          0          0           0           0           0.00      0.00      31 days 01:21:33
         accounts_db_test          2         0          0         83        1268      14        0         0         0         0          0          0           0           0           0.00      0.00      31 days 01:21:32
                                   0         0          0         148       145       37        0         0         0         0          0          0           0           0           0.00      0.00      31 days 01:21:38
15:31:31 testdb                    2         0          0         83        1235      14        0         0         0         0          0          0           0           0           0.00      0.00      31 days 01:21:32
         template1                 0         0          0         0         0         0         0         0         0         0          0          0           0           0           0.00      0.00      28 days 18:55:53
         template0                 0         0          0         0         0         0         0         0         0         0          0          0           0           0           0.00      0.00      
         postgres                  2         0          0         83        1211      14        0         0         0         0          0          0           0           0           0.00      0.00      31 days 01:21:35
         pgscv_fixtures            2         0          0         83        1348      14        0         0         0         0          0          0           0           0           0.00      0.00      31 days 01:21:33
         pgcenter_fixtures_config  2         0          0         83        1211      14        0         0         0         0          0          0           0           0           0.00      0.00      20 days 18:53:22
         pgcenter_fixtures         2         0          0         164       4274      14        0         0         0         0          0          0           0           0           0.00      0.00      6 days 23:23:12
         pgbench                   43        0          200       5834      20281     3163      6         21        0         0          0          0           0           0           286.99    0.00      31 days 01:21:34
         noisia_fixtures           2         0          0         83        1211      14        0         0         0         0          0          0           0           0           0.00      0.00      31 days 01:21:33
         noisia                    2         0          0         83        1224      14        0         0         0         0          0          0           0           0           0.00      0.00      31 days 01:21:33
         lesovsky                  2         0          0         155       4265      14        0         0         0         0          0          0           0           0           0.00      0.00      31 days 01:21:34
         accounts_db_test          2         0          0         83        1268      14        0         0         0         0          0          0           0           0           0.00      0.00      31 days 01:21:33
                                   0         0          0         237       399       59        0         0         0         0          0          0           0           0           0.00      0.00      31 days 01:21:39
         [37;1mdatname                   [0m[37;1mcommits   [0m[37;1mrollbacks  [0m[37;1mreads     [0m[37;1mhits      [0m[37;1mreturned  [0m[37;1mfetched   [0m[37;1minserts   [0m[37;1mupdates   [0m[37;1mdeletes   [0m[37;1mconflicts  [0m[37;1mdeadlocks  [0m[37;1mcsum_fails  [0m[37;1mtemp_files  [0m[37;1mtemp_bytes  [0m[37;1mread_t    [0m[37;1mwrite_t   [0m[37;1mstats_age                         [0m
15:31:32 testdb                    2         0          0         83        1235      14        0         0         0         0          0          0           0           0           0.00      0.00      31 days 01:21:33
         template1                 2         0          0         83        1211      14        0         0         0         0          0          0           0           0           0.00      0.00      28 days 18:55:54
         template0                 0         0          0         0         0         0         0         0         0         0          0          0           0           0           0.00      0.00      
         postgres                  2         0          0         83        1211      14        0         0         0         0          0          0           0           0           0.00      0.00      31 days 01:21:36
         pgscv_fixtures            2         0          0         83        1348      14        0         0         0         0          0          0           0           0           0.00      0.00      31 days 01:21:34
         pgcenter_fixtures_config  2         0          0         83        1211      14        0         0         0         0          0          0           0           0           0.00      0.00      20 days 18:53:23
         pgcenter_fixtures         0         0          0         0         0         0         0         0         0         0          0          0           0           0           0.00      0.00      6 days 23:23:13
         pgbench                   26        0          200       2979      12477     1530      8         24        0         0          0          0           0           0           193.60    0.00      31 days 01:21:35
         noisia_fixtures           2         0          0         83        1211      14        0         0         0         0          0          0           0           0           0.00      0.00      31 days 01:21:34
         noisia                    2         0          0         83        1224      14        0         0         0         0          0          0           0           0           0.00      0.00      31 days 01:21:34
         lesovsky                  0         0          0         0         0         0         0         0         0         0          0          0           0           0           0.00      0.00      31 days 01:21:35
         accounts_db_test          2         0          0         83        1268      14        0         0         0         0          0          0           0           0           0.00      0.00      31 days 01:21:34
                                   0         0          0         179       262       44        0         0         0         0          0          0           0           0           0.00      0.00      31 days 01:21:40
