         [37;1mrelation                         [0m[37;1mseq_scan  [0m[37;1mseq_read  [0m[37;1midx_scan  [0m[37;1midx_fetch  [0m[37;1minserts   [0m[37;1mupdates   [0m[37;1mdeletes   [0m[37;1mhot_updates  [0m[37;1mlive      [0m[37;1mdead      [0m[37;1mheap_read  [0m[37;1mheap_hit  [0m[37;1midx_read  [0m[37;1midx_hit   [0m[37;1mtoast_read  [0m[37;1mtoast_hit  [0m[37;1mtidx_read  [0m[37;1mtidx_hit                          [0m
15:31:24 public.pgbench_tellers           0         0         0         0          0         0         0         0            0         0         0          0         0         0         0           0          0          0
         public.pgbench_history           0         0         0         0          0         0         0         0            0         0         0          0         0         0         0           0          0          0
         public.pgbench_branches          0         0         0         0          0         0         0         0            0         0         0          0         0         0         0           0          0          0
         public.pgbench_accounts_2021_01  0         0         0         0          0         0         0         0            0         0         0          0         0         0         0           0          0          0
         public.pgbench_accounts          0         0         0         0          0         0         0         0            0         0         0          0         0         0         0           0          0          0
15:31:25 public.pgbench_tellers           0         0         0         0          0         0         0         0            0         0         0          0         0         0         0           0          0          0
         public.pgbench_history           0         0         0         0          0         0         0         0            0         0         0          0         0         0         0           0          0          0
         public.pgbench_branches          0         0         0         0          0         0         0         0            0         0         0          0         0         0         0           0          0          0
         public.pgbench_accounts_2021_01  0         0         0         0          0         0         0         0            0         0         0          0         0         0         0           0          0          0
         public.pgbench_accounts          0         0         0         0          0         0         0         0            0         0         0          0         0         0         0           0          0          0
15:31:26 public.pgbench_tellers           0         0         0         0          0         0         0         0            0         0         0          0         0         0         0           0          0          0
         public.pgbench_history           0         0         0         0          0         0         0         0            0         0         0          0         0         0         0           0          0          0
         public.pgbench_branches          0         0         0         0          0         0         0         0            0         0         0          0         0         0         0           0          0          0
         public.pgbench_accounts_2021_01  0         0         0         0          0         0         0         0            0         0         0          0         0         0         0           0          0          0
         public.pgbench_accounts          0         0         0         0          0         0         0         0            0         0         0          0         0         0         0           0          0          0
15:31:27 public.pgbench_tellers           0         0         0         0          0         0         0         0            0         0         0          0         0         0         0           0          0          0
         public.pgbench_history           0         0         0         0          0         0         0         0            0         0         0          0         0         0         0           0          0          0
         public.pgbench_branches          0         0         0         0          0         0         0         0            0         0         0          0         0         0         0           0          0          0
         public.pgbench_accounts_2021_01  0         0         0         0          0         0         0         0            0         0         0          0         0         0         0           0          0          0
         public.pgbench_accounts          0         0         0         0          0         0         0         0            0         0         0          0         0         0         0           0          0          0
         [37;1mrelation                         [0m[37;1mseq_scan  [0m[37;1mseq_read  [0m[37;1midx_scan  [0m[37;1midx_fetch  [0m[37;1minserts   [0m[37;1mupdates   [0m[37;1mdeletes   [0m[37;1mhot_updates  [0m[37;1mlive      [0m[37;1mdead      [0m[37;1mheap_read  [0m[37;1mheap_hit  [0m[37;1midx_read  [0m[37;1midx_hit   [0m[37;1mtoast_read  [0m[37;1mtoast_hit  [0m[37;1mtidx_read  [0m[37;1mtidx_hit                          [0m
15:31:28 public.pgbench_tellers           0         0         4         4          0         4         0         4            0         4         24         9         24        5         0           0          0          0
         public.pgbench_history           0         0         0         0          4         0         0         0            4         0         16         2         0         0         0           0          0          0
         public.pgbench_branches          4         200       0         0          0         4         0         4            0         4         8          7         0         0         0           0          0          0
         public.pgbench_accounts_2021_01  2         7435884   0         0          0         0         0         0            0         0         1025664    0         34008     0         0           0          0          0
         public.pgbench_accounts          0         0         9         1437693    0         4         0         3            0         -424      1513576    789061    31440     29        0           0          0          0
15:31:29 public.pgbench_tellers           0         0         0         0          0         0         0         0            0         0         0          0         0         0         0           0          0          0
         public.pgbench_history           0         0         0         0          0         0         0         0            0         0         0          0         0         0         0           0          0          0
         public.pgbench_branches          0         0         0         0          0         0         0         0            0         0         0          0         0         0         0           0          0          0
         public.pgbench_accounts_2021_01  0         0         0         0          0         0         0         0            0         0         0          0         0         0         0           0          0          0
         public.pgbench_accounts          0         0         0         0          0         0         0         0            0         0         0          0         0         0         0           0          0          0
15:31:30 public.pgbench_tellers           0         0         8         8          0         8         0         8            0         8         56         12        24        13        0           0          0          0
         public.pgbench_history           0         0         0         0          8         0         0         0            8         0         0          8         0         0         0           0          0          0
         public.pgbench_branches          8         400       0         0          0         8         0         8            0         8         0          16        0         0         0           0          0          0
         public.pgbench_accounts_2021_01  0         0         0         0          0         0         0         0            0         0         0          0         0         0         0           0          0          0
         public.pgbench_accounts          0         0         16        16         0         8         0         8            0         8         98760      15921     120       33        0           0          0          0
15:31:31 public.pgbench_tellers           0         0         8         8          0         8         0         8            0         8         24         16        0         16        0           0          0          0
         public.pgbench_history           0         0         0         0          8         0         0         0            8         0         0          8         0         0         0           0          0          0
         public.pgbench_branches          8         400       0         0          0         8         0         8            0         -48       32         21        8         0         0           0          0          0
         public.pgbench_accounts_2021_01  0         0         0         0          0         0         0         0            0         0         0          0         0         0         0           0          0          0
         public.pgbench_accounts          0         0         16        16         0         8         0         7            0         8         48         24        112       37        0           0          0          0
         [37;1mrelation                         [0m[37;1mseq_scan  [0m[37;1mseq_read  [0m[37;1midx_scan  [0m[37;1midx_fetch  [0m[37;1minserts   [0m[37;1mupdates   [0m[37;1mdeletes   [0m[37;1mhot_updates  [0m[37;1mlive      [0m[37;1mdead      [0m[37;1mheap_read  [0m[37;1mheap_hit  [0m[37;1midx_read  [0m[37;1midx_hit   [0m[37;1mtoast_read  [0m[37;1mtoast_hit  [0m[37;1mtidx_read  [0m[37;1mtidx_hit                          [0m
15:31:32 public.pgbench_tellers           0         0         8         8          0         8         0         8            0         8         8          16        0         16        0           0          0          0
         public.pgbench_history           0         0         0         0          8         0         0         0            8         0         0          8         0         0         0           0          0          0
         public.pgbench_branches          8         400       0         0          0         8         0         8            0         8         0          16        0         0         0           0          0          0
         public.pgbench_accounts_2021_01  0         0         0         0          0         0         0         0            0         0         0          0         0         0         0           0          0          0
         public.pgbench_accounts          0         0         16        16         0         8         0         5            0         8         80         30        112       43        0           0          0          0
