         [37;1mdatname         [0m[37;1mbackends  [0m[37;1mcommits   [0m[37;1mrollbacks  [0m[37;1mreads     [0m[37;1mhits      [0m[37;1mreturned  [0m[37;1mfetched   [0m[37;1minserts   [0m[37;1mupdates   [0m[37;1mdeletes   [0m[37;1mconflicts  [0m[37;1mdeadlocks  [0m[37;1mcsum_fails  [0m[37;1mtemp_files  [0m[37;1mtemp_bytes  [0m[37;1mread_t    [0m[37;1mwrite_t   [0m[37;1mstats_age                         [0m
15:31:24 template1       0         0         0          0         0         0         0         0         0         0         0          0          0           0           0           0.00      0.00      15:36:55
         template0       0         0         0          0         0         0         0         0         0         0         0          0          0           0           0           0.00      0.00      
         postgres        0         0         0          0         0         0         0         0         0         0         0          0          0           0           0           0.00      0.00      14:35:29
         pgscv_fixtures  0         0         0          0         0         0         0         0         0         0         0          0          0           0           0           0.00      0.00      14:35:01
         pgbench         8         119       0          1712      262       119       119       0         0         0         0          0          0           0           0           7994.31   0.00      14:35:00
         lesovsky        4         1         0          0         32        15        14        0         0         0         0          0          0           0           0           0.00      0.00      14:35:01
                         0         0         0          0         22        5         5         0         0         0         0          0          0           0           0           0.00      0.00      15:36:55
15:31:25 template1       0         0         0          0         0         0         0         0         0         0         0          0          0           0           0           0.00      0.00      15:36:55
         template0       0         0         0          0         0         0         0         0         0         0         0          0          0           0           0           0.00      0.00      
         postgres        0         0         0          0         0         0         0         0         0         0         0          0          0           0           0           0.00      0.00      14:35:30
         pgscv_fixtures  0         0         0          0         0         0         0         0         0         0         0          0          0           0           0           0.00      0.00      14:35:02
         pgbench         8         108       0          1576      235       108       108       0         0         0         0          0          0           0           0           7153.46   0.00      14:35:01
         lesovsky        5         1         0          0         32        15        14        0         0         0         0          0          0           0           0           0.00      0.00      14:35:02
                         0         0         0          0         22        5         5         0         0         0         0          0          0           0           0           0.00      0.00      15:36:55
15:31:26 template1       0         0         0          0         0         0         0         0         0         0         0          0          0           0           0           0.00      0.00      15:36:56
         template0       0         0         0          0         0         0         0         0         0         0         0          0          0           0           0           0.00      0.00      
         postgres        0         0         0          0         0         0         0         0         0         0         0          0          0           0           0           0.00      0.00      14:35:31
         pgscv_fixtures  0         0         0          0         0         0         0         0         0         0         0          0          0           0           0           0.00      0.00      14:35:03
         pgbench         8         118       0          1664      264       118       118       0         0         0         0          0          0           0           0           7700.74   0.00      14:35:02
         lesovsky        6         1         0          0         32        15        14        0         0         0         0          0          0           0           0           0.00      0.00      14:35:03
                         0         0         0          0         22        5         5         0         0         0         0          0          0           0           0           0.00      0.00      15:36:56
         [37;1mdatname         [0m[37;1mbackends  [0m[37;1mcommits   [0m[37;1mrollbacks  [0m[37;1mreads     [0m[37;1mhits      [0m[37;1mreturned  [0m[37;1mfetched   [0m[37;1minserts   [0m[37;1mupdates   [0m[37;1mdeletes   [0m[37;1mconflicts  [0m[37;1mdeadlocks  [0m[37;1mcsum_fails  [0m[37;1mtemp_files  [0m[37;1mtemp_bytes  [0m[37;1mread_t    [0m[37;1mwrite_t   [0m[37;1mstats_age                         [0m
15:31:27 template1       0         0         0          0         0         0         0         0         0         0         0          0          0           0           0           0.00      0.00      15:36:57
         template0       0         0         0          0         0         0         0         0         0         0         0          0          0           0           0           0.00      0.00      
         postgres        0         0         0          0         0         0         0         0         0         0         0          0          0           0           0           0.00      0.00      14:35:32
         pgscv_fixtures  0         0         0          0         0         0         0         0         0         0         0          0          0           0           0           0.00      0.00      14:35:04
         pgbench         8         115       0          1704      247       115       115       0         0         0         0          0          0           0           0           7559.82   0.00      14:35:03
         lesovsky        7         3         0          0         129       1652      28        0         0         0         0          0          0           0           0           0.00      0.00      14:35:04
                         0         0         0          0         43        16        10        0         0         0         0          0          0           0           0           0.00      0.00      15:36:57
15:31:28 template1       0         0         0          0         0         0         0         0         0         0         0          0          0           0           0           0.00      0.00      15:36:59
         template0       0         0         0          0         0         0         0         0         0         0         0          0          0           0           0           0.00      0.00      
         postgres        0         0         0          0         0         0         0         0         0         0         0          0          0           0           0           0.00      0.00      14:35:33
         pgscv_fixtures  0         0         0          0         0         0         0         0         0         0         0          0          0           0           0           0.00      0.00      14:35:05
         pgbench         8         129       0          1808      290       129       129       0         0         0         0          0          0           0           0           8687.16   0.00      14:35:04
         lesovsky        8         1         0          0         32        15        14        0         0         0         0          0          0           0           0           0.00      0.00      14:35:05
                         0         0         0          0         22        5         5         0         0         0         0          0          0           0           0           0.00      0.00      15:36:59
15:31:29 template1       0         0         0          0         0         0         0         0         0         0         0          0          0           0           0           0.00      0.00      15:37:00
         template0       0         0         0          0         0         0         0         0         0         0         0          0          0           0           0           0.00      0.00      
         postgres        0         0         0          0         0         0         0         0         0         0         0          0          0           0           0           0.00      0.00      14:35:34
         pgscv_fixtures  0         0         0          0         0         0         0         0         0         0         0          0          0           0           0           0.00      0.00      14:35:06
         pgbench         8         125       0          1696      288       125       125       0         0         0         0          0          0           0           0           7655.74   0.00      14:35:05
         lesovsky        9         1         0          0         32        15        14        0         0         0         0          0          0           0           0           0.00      0.00      14:35:06
                         0         0         0          0         22        5         5         0         0         0         0          0          0           0           0           0.00      0.00      15:37:00
         [37;1mdatname         [0m[37;1mbackends  [0m[37;1mcommits   [0m[37;1mrollbacks  [0m[37;1mreads     [0m[37;1mhits      [0m[37;1mreturned  [0m[37;1mfetched   [0m[37;1minserts   [0m[37;1mupdates   [0m[37;1mdeletes   [0m[37;1mconflicts  [0m[37;1mdeadlocks  [0m[37;1mcsum_fails  [0m[37;1mtemp_files  [0m[37;1mtemp_bytes  [0m[37;1mread_t    [0m[37;1mwrite_t   [0m[37;1mstats_age                         [0m
15:31:30 template1       0         0         0          0         0         0         0         0         0         0         0          0          0           0           0           0.00      0.00      15:37:00
         template0       0         0         0          0         0         0         0         0         0         0         0          0          0           0           0           0.00      0.00      
         postgres        0         0         0          0         0         0         0         0         0         0         0          0          0           0           0           0.00      0.00      14:35:35
         pgscv_fixtures  0         0         0          0         0         0         0         0         0         0         0          0          0           0           0           0.00      0.00      14:35:07
         pgbench         8         141       0          1920      324       141       141       0         0         0         0          0          0           0           0           8334.14   0.00      14:35:06
         lesovsky        10        1         0          0         32        15        14        0         0         0         0          0          0           0           0           0.00      0.00      14:35:07
                         0         0         0          0         22        5         5         0         0         0         0          0          0           0           0           0.00      0.00      15:37:00
15:31:31 template1       0         0         0          0         0         0         0         0         0         0         0          0          0           0           0           0.00      0.00      15:37:01
         template0       0         0         0          0         0         0         0         0         0         0         0          0          0           0           0           0.00      0.00      
         postgres        0         0         0          0         0         0         0         0         0         0         0          0          0           0           0           0.00      0.00      14:35:36
         pgscv_fixtures  0         0         0          0         0         0         0         0         0         0         0          0          0           0           0           0.00      0.00      14:35:08
         pgbench         8         119       0          1584      367       1782      131       0         0         0         0          0          0           0           0           6555.73   0.00      14:35:07
         lesovsky        11        1         0          0         32        15        14        0         0         0         0          0          0           0           0           0.00      0.00      14:35:08
                         0         0         0          0         43        16        10        0         0         0         0          0          0           0           0           0.00      0.00      15:37:01
15:31:32 template1       0         0         0          0         0         0         0         0         0         0         0          0          0           0           0           0.00      0.00      15:37:03
         template0       0         0         0          0         0         0         0         0         0         0         0          0          0           0           0           0.00      0.00      
         postgres        0         0         0          0         0         0         0         0         0         0         0          0          0           0           0           0.00      0.00      14:35:37
         pgscv_fixtures  0         0         0          0         0         0         0         0         0         0         0          0          0           0           0           0.00      0.00      14:35:09
         pgbench         8         161       0          2120      379       161       161       0         0         0         0          0          0           0           0           8719.70   0.00      14:35:08
         lesovsky        12        1         0          0         32        15        14        0         0         0         0          0          0           0           0           0.00      0.00      14:35:09
                         0         0         0          0         22        5         5         0         0         0         0          0          0           0           0           0.00      0.00      15:37:03
