         [37;1mpid       [0m[37;1mxact_age  [0m[37;1mdatname   [0m[37;1mrelation          [0m[37;1mindex                          [0m[37;1mstate     [0m[37;1mwaiting   [0m[37;1mphase                             [0m[37;1mlocker_pid  [0m[37;1mlockers   [0m[37;1msize_total/done,%  [0m[37;1mtuples_total/done,%  [0m[37;1mparts_total/done,%  [0m[37;1mquery                             [0m
11:56:34 3788780   00:00:04  pgbench   pgbench_accounts  pgbench_accounts_abalance_idx  active    f         building index: loading tuples ~  0           0/0       0/0.00             15000000/25.00       0/0.00              create index CONCURRENTLY pgben~
11:56:35 3788780   00:00:05  pgbench   pgbench_accounts  pgbench_accounts_abalance_idx  active    LWLock.~  building index: loading tuples ~  0           0/0       0/0.00             15000000/60.00       0/0.00              create index CONCURRENTLY pgben~
11:56:36 3788780   00:00:06  pgbench   pgbench_accounts  pgbench_accounts_abalance_idx  active    IO.WALS~  building index: loading tuples ~  0           0/0       0/0.00             15000000/83.00       0/0.00              create index CONCURRENTLY pgben~
11:56:37 3788780   00:00:07  pgbench   pgbench_accounts  pgbench_accounts_abalance_idx  active    IO.Data~  building index: loading tuples ~  0           0/0       0/0.00             15000000/100.00      0/0.00              create index CONCURRENTLY pgben~
11:56:38 3788780   00:00:08  pgbench   pgbench_accounts  pgbench_accounts_abalance_idx  active    f         index validation: scanning index  0           0/0       101768/3.00        0/0.00               0/0.00              create index CONCURRENTLY pgben~
11:56:39 3788780   00:00:09  pgbench   pgbench_accounts  pgbench_accounts_abalance_idx  active    IO.BufF~  index validation: scanning table  0           0/0       3781592/3.00       0/0.00               0/0.00              create index CONCURRENTLY pgben~
11:56:40 3788780   00:00:10  pgbench   pgbench_accounts  pgbench_accounts_abalance_idx  active    IO.Data~  index validation: scanning table  0           0/0       3781592/44.00      0/0.00               0/0.00              create index CONCURRENTLY pgben~
