[37;1mdatname         [0m[37;1mbackends_total  [0m[37;1msession_total  [0m[37;1mactive_total  [0m[37;1midle_xact_total  [0m[37;1msession,ms  [0m[37;1mactive,ms  [0m[37;1midle_xact,ms  [0m[37;1msessions  [0m[37;1mabandoned  [0m[37;1mfatal     [0m[37;1mkilled                            [0m
2021/06/14 11:56:34, rate: 1s
template1       0               00:00:00       00:00:00      00:00:00         0.00        0.00       0             0         0          0         0
template0       0               00:00:00       00:00:00      00:00:00         0           0          0             0         0          0         0
postgres        0               05:13:50       00:39:00      00:00:00         0.00        0.00       0             0         0          0         0
pgscv_fixtures  0               00:20:52       00:15:39      00:00:00         0.00        0.00       0             0         0          0         0
pgbench         11              118:13:50      08:21:33      00:16:43         12861.19    10020.16   11.18         1         0          0         0
lesovsky        0               158:36:18      00:17:03      00:00:00         0.00        0.00       0.00          0         0          0         0
                0               00:00:00       00:00:00      00:00:00         0           0          0             0         0          0         0
2021/06/14 11:56:35, rate: 1s
template1       0               00:00:00       00:00:00      00:00:00         0.00        0.00       0             0         0          0         0
template0       0               00:00:00       00:00:00      00:00:00         0           0          0             0         0          0         0
postgres        0               05:13:50       00:39:00      00:00:00         0.00        0.00       0             0         0          0         0
pgscv_fixtures  0               00:20:52       00:15:39      00:00:00         0.00        0.00       0             0         0          0         0
pgbench         11              118:14:02      08:21:42      00:16:43         12210.52    9015.24    13.72         1         0          0         0
lesovsky        0               158:36:18      00:17:03      00:00:00         0.00        0.00       0.00          0         0          0         0
                0               00:00:00       00:00:00      00:00:00         0           0          0             0         0          0         0
2021/06/14 11:56:36, rate: 1s
template1       0               00:00:00       00:00:00      00:00:00         0.00        0.00       0             0         0          0         0
template0       0               00:00:00       00:00:00      00:00:00         0           0          0             0         0          0         0
postgres        0               05:13:50       00:39:00      00:00:00         0.00        0.00       0             0         0          0         0
pgscv_fixtures  0               00:20:52       00:15:39      00:00:00         0.00        0.00       0             0         0          0         0
pgbench         11              118:14:14      08:21:52      00:16:43         12227.54    9646.61    19.47         1         0          0         0
lesovsky        0               158:36:18      00:17:03      00:00:00         0.00        0.00       0.00          0         0          0         0
                0               00:00:00       00:00:00      00:00:00         0           0          0             0         0          0         0
[37;1mdatname         [0m[37;1mbackends_total  [0m[37;1msession_total  [0m[37;1mactive_total  [0m[37;1midle_xact_total  [0m[37;1msession,ms  [0m[37;1mactive,ms  [0m[37;1midle_xact,ms  [0m[37;1msessions  [0m[37;1mabandoned  [0m[37;1mfatal     [0m[37;1mkilled                            [0m
2021/06/14 11:56:37, rate: 1s
template1       0               00:00:00       00:00:00      00:00:00         0.00        0.00       0             0         0          0         0
template0       0               00:00:00       00:00:00      00:00:00         0           0          0             0         0          0         0
postgres        0               05:13:50       00:39:00      00:00:00         0.00        0.00       0             0         0          0         0
pgscv_fixtures  0               00:20:52       00:15:39      00:00:00         0.00        0.00       0             0         0          0         0
pgbench         11              118:14:28      08:22:02      00:16:43         13400.78    10415.94   14.13         1         0          0         0
lesovsky        0               158:36:18      00:17:03      00:00:00         0.00        0.00       0.00          0         0          0         0
                0               00:00:00       00:00:00      00:00:00         0           0          0             0         0          0         0
2021/06/14 11:56:38, rate: 1s
template1       0               00:00:00       00:00:00      00:00:00         0.00        0.00       0             0         0          0         0
template0       0               00:00:00       00:00:00      00:00:00         0           0          0             0         0          0         0
postgres        0               05:13:50       00:39:00      00:00:00         2.10        0.00       0             2         0          0         0
pgscv_fixtures  0               00:20:52       00:15:39      00:00:00         0.00        0.00       0             0         0          0         0
pgbench         11              118:14:40      08:22:12      00:16:43         12562.80    9867.36    10.24         1         0          0         0
lesovsky        0               158:36:18      00:17:03      00:00:00         0.00        0.00       0.00          0         0          0         0
                0               00:00:00       00:00:00      00:00:00         0           0          0             0         0          0         0
2021/06/14 11:56:39, rate: 1s
template1       0               00:00:00       00:00:00      00:00:00         0.00        0.00       0             0         0          0         0
template0       0               00:00:00       00:00:00      00:00:00         0           0          0             0         0          0         0
postgres        0               05:13:50       00:39:00      00:00:00         0.00        0.00       0             0         0          0         0
pgscv_fixtures  0               00:20:52       00:15:39      00:00:00         0.00        0.00       0             0         0          0         0
pgbench         11              118:14:53      08:22:21      00:16:43         13123.28    9538.89    12.73         1         0          0         0
lesovsky        0               158:36:18      00:17:03      00:00:00         0.00        0.00       0.00          0         0          0         0
                0               00:00:00       00:00:00      00:00:00         0           0          0             0         0          0         0
[37;1mdatname         [0m[37;1mbackends_total  [0m[37;1msession_total  [0m[37;1mactive_total  [0m[37;1midle_xact_total  [0m[37;1msession,ms  [0m[37;1mactive,ms  [0m[37;1midle_xact,ms  [0m[37;1msessions  [0m[37;1mabandoned  [0m[37;1mfatal     [0m[37;1mkilled                            [0m
2021/06/14 11:56:40, rate: 1s
template1       0               00:00:00       00:00:00      00:00:00         0.00        0.00       0             0         0          0         0
template0       0               00:00:00       00:00:00      00:00:00         0           0          0             0         0          0         0
postgres        0               05:13:50       00:39:00      00:00:00         0.00        0.00       0             0         0          0         0
pgscv_fixtures  0               00:20:52       00:15:39      00:00:00         0.00        0.00       0             0         0          0         0
pgbench         11              118:15:07      08:22:33      00:16:44         13793.11    11179.56   18.39         1         0          0         0
lesovsky        0               158:36:18      00:17:03      00:00:00         0.00        0.00       0.00          0         0          0         0
                0               00:00:00       00:00:00      00:00:00         0           0          0             0         0          0         0
2021/06/14 11:56:41, rate: 1s
template1       0               00:00:00       00:00:00      00:00:00         0.00        0.00       0             0         0          0         0
template0       0               00:00:00       00:00:00      00:00:00         0           0          0             0         0          0         0
postgres        0               05:13:50       00:39:00      00:00:00         0.00        0.00       0             0         0          0         0
pgscv_fixtures  0               00:20:52       00:15:39      00:00:00         0.00        0.00       0             0         0          0         0
pgbench         11              118:15:15      08:22:39      00:16:44         8160.15     6178.05    6.30          1         0          0         0
lesovsky        0               158:36:18      00:17:03      00:00:00         0.00        0.00       0.00          0         0          0         0
                0               00:00:00       00:00:00      00:00:00         0           0          0             0         0          0         0
2021/06/14 11:56:42, rate: 1s
template1       0               00:00:00       00:00:00      00:00:00         0.00        0.00       0             0         0          0         0
template0       0               00:00:00       00:00:00      00:00:00         0           0          0             0         0          0         0
postgres        0               05:13:50       00:39:00      00:00:00         0.00        0.00       0             0         0          0         0
pgscv_fixtures  0               00:20:52       00:15:39      00:00:00         0.00        0.00       0             0         0          0         0
pgbench         11              118:15:33      08:22:52      00:16:44         17427.32    13606.83   16.96         1         0          0         0
lesovsky        0               158:36:18      00:17:03      00:00:00         0.00        0.00       0.00          0         0          0         0
                0               00:00:00       00:00:00      00:00:00         0           0          0             0         0          0         0
