         [37;1mdatname         [0m[37;1mbackends  [0m[37;1mtotal_session_t  [0m[37;1mtotal_active_t  [0m[37;1mtotal_idle_xact_t  [0m[37;1msession_t  [0m[37;1mactive_t  [0m[37;1midle_xact_t  [0m[37;1msessions  [0m[37;1mabandoned  [0m[37;1mfatal     [0m[37;1mkilled                            [0m
15:31:24 template1       0         00:00:00         00:00:00        00:00:00           0.00       0.00      0            0         0          0         0
         template0       0         00:00:00         00:00:00        00:00:00           0          0         0            0         0          0         0
         postgres        0         04:56:36         00:32:55        00:00:00           0.00       0.00      0            0         0          0         0
         pgscv_fixtures  0         00:18:22         00:13:30        00:00:00           0.00       0.00      0            0         0          0         0
         pgbench         8         96:23:43         06:04:27        00:12:28           7580.37    6672.88   580.03       73        0          0         0
         lesovsky        3         90:21:57         00:14:39        00:00:00           55.70      50.69     0.00         1         0          0         0
                         0         00:00:00         00:00:00        00:00:00           0          0         0            0         0          0         0
15:31:25 template1       0         00:00:00         00:00:00        00:00:00           0.00       0.00      0            0         0          0         0
         template0       0         00:00:00         00:00:00        00:00:00           0          0         0            0         0          0         0
         postgres        0         04:56:36         00:32:55        00:00:00           0.00       0.00      0            0         0          0         0
         pgscv_fixtures  0         00:18:22         00:13:30        00:00:00           0.00       0.00      0            0         0          0         0
         pgbench         8         96:23:51         06:04:33        00:12:29           7712.94    6699.95   668.47       78        0          0         0
         lesovsky        3         90:21:57         00:14:39        00:00:00           53.40      48.58     0.00         1         0          0         0
                         0         00:00:00         00:00:00        00:00:00           0          0         0            0         0          0         0
15:31:26 template1       0         00:00:00         00:00:00        00:00:00           0.00       0.00      0            0         0          0         0
         template0       0         00:00:00         00:00:00        00:00:00           0          0         0            0         0          0         0
         postgres        0         04:56:36         00:32:55        00:00:00           278.50     91.84     0            21        0          0         0
         pgscv_fixtures  0         00:18:22         00:13:30        00:00:00           59.56      46.59     0            4         0          0         0
         pgbench         8         96:23:58         06:04:40        00:12:29           7810.00    6753.52   708.95       84        0          0         0
         lesovsky        3         90:21:57         00:14:39        00:00:00           109.47     87.33     0.00         5         0          0         0
                         0         00:00:00         00:00:00        00:00:00           0          0         0            0         0          0         0
         [37;1mdatname         [0m[37;1mbackends  [0m[37;1mtotal_session_t  [0m[37;1mtotal_active_t  [0m[37;1mtotal_idle_xact_t  [0m[37;1msession_t  [0m[37;1mactive_t  [0m[37;1midle_xact_t  [0m[37;1msessions  [0m[37;1mabandoned  [0m[37;1mfatal     [0m[37;1mkilled                            [0m
15:31:27 template1       0         00:00:00         00:00:00        00:00:00           0.00       0.00      0            0         0          0         0
         template0       0         00:00:00         00:00:00        00:00:00           0          0         0            0         0          0         0
         postgres        0         04:56:36         00:32:55        00:00:00           0.00       0.00      0            0         0          0         0
         pgscv_fixtures  0         00:18:22         00:13:30        00:00:00           0.00       0.00      0            0         0          0         0
         pgbench         8         96:24:06         06:04:47        00:12:30           7790.71    6859.83   567.02       70        0          0         0
         lesovsky        3         90:21:57         00:14:39        00:00:00           53.52      48.75     0.00         1         0          0         0
                         0         00:00:00         00:00:00        00:00:00           0          0         0            0         0          0         0
15:31:28 template1       0         00:00:00         00:00:00        00:00:00           0.00       0.00      0            0         0          0         0
         template0       0         00:00:00         00:00:00        00:00:00           0          0         0            0         0          0         0
         postgres        0         04:56:36         00:32:55        00:00:00           0.00       0.00      0            0         0          0         0
         pgscv_fixtures  0         00:18:22         00:13:30        00:00:00           0.00       0.00      0            0         0          0         0
         pgbench         8         96:24:14         06:04:53        00:12:31           7509.75    6409.24   698.54       87        0          0         0
         lesovsky        3         90:21:57         00:14:39        00:00:00           56.39      51.37     0.00         1         0          0         0
                         0         00:00:00         00:00:00        00:00:00           0          0         0            0         0          0         0
15:31:29 template1       0         00:00:00         00:00:00        00:00:00           0.00       0.00      0            0         0          0         0
         template0       0         00:00:00         00:00:00        00:00:00           0          0         0            0         0          0         0
         postgres        0         04:56:36         00:32:55        00:00:00           0.00       0.00      0            0         0          0         0
         pgscv_fixtures  0         00:18:22         00:13:30        00:00:00           0.00       0.00      0            0         0          0         0
         pgbench         6         96:24:21         06:05:00        00:12:31           7772.98    6635.33   726.37       98        0          0         0
         lesovsky        3         90:21:57         00:14:39        00:00:00           53.08      48.56     0.00         1         0          0         0
                         0         00:00:00         00:00:00        00:00:00           0          0         0            0         0          0         0
         [37;1mdatname         [0m[37;1mbackends  [0m[37;1mtotal_session_t  [0m[37;1mtotal_active_t  [0m[37;1mtotal_idle_xact_t  [0m[37;1msession_t  [0m[37;1mactive_t  [0m[37;1midle_xact_t  [0m[37;1msessions  [0m[37;1mabandoned  [0m[37;1mfatal     [0m[37;1mkilled                            [0m
15:31:30 template1       0         00:00:00         00:00:00        00:00:00           0.00       0.00      0            0         0          0         0
         template0       0         00:00:00         00:00:00        00:00:00           0          0         0            0         0          0         0
         postgres        0         04:56:36         00:32:55        00:00:00           0.00       0.00      0            0         0          0         0
         pgscv_fixtures  0         00:18:22         00:13:30        00:00:00           0.00       0.00      0            0         0          0         0
         pgbench         7         96:24:29         06:05:06        00:12:32           7524.50    6286.42   800.43       101       0          0         0
         lesovsky        3         90:21:57         00:14:39        00:00:00           49.40      44.88     0.00         1         0          0         0
                         0         00:00:00         00:00:00        00:00:00           0          0         0            0         0          0         0
15:31:31 template1       0         00:00:00         00:00:00        00:00:00           0.00       0.00      0            0         0          0         0
         template0       0         00:00:00         00:00:00        00:00:00           0          0         0            0         0          0         0
         postgres        0         04:56:36         00:32:55        00:00:00           0.00       0.00      0            0         0          0         0
         pgscv_fixtures  0         00:18:22         00:13:30        00:00:00           0.00       0.00      0            0         0          0         0
         pgbench         7         96:24:37         06:05:13        00:12:33           7913.90    6847.34   644.88       84        0          0         0
         lesovsky        3         90:21:57         00:14:39        00:00:00           54.61      49.65     0.00         1         0          0         0
                         0         00:00:00         00:00:00        00:00:00           0          0         0            0         0          0         0
15:31:32 template1       0         00:00:00         00:00:00        00:00:00           0.00       0.00      0            0         0          0         0
         template0       0         00:00:00         00:00:00        00:00:00           0          0         0            0         0          0         0
         postgres        0         04:56:36         00:32:55        00:00:00           0.00       0.00      0            0         0          0         0
         pgscv_fixtures  0         00:18:22         00:13:30        00:00:00           0.00       0.00      0            0         0          0         0
         pgbench         8         96:24:44         06:05:19        00:12:33           6957.59    5879.79   665.95       85        0          0         0
         lesovsky        3         90:21:57         00:14:39        00:00:00           56.13      51.49     0.00         1         0          0         0
                         0         00:00:00         00:00:00        00:00:00           0          0         0            0         0          0         0
