[37;1mpid       [0m[37;1mxact_age  [0m[37;1mdatname   [0m[37;1mrelation          [0m[37;1mstate     [0m[37;1mwaiting     [0m[37;1mphase          [0m[37;1msize_total,KiB  [0m[37;1mscanned_total,%  [0m[37;1mvacuumed_total,%  [0m[37;1mscanned,KiB  [0m[37;1mvacuumed,KiB  [0m[37;1mquery                             [0m
2021/06/14 11:56:34, rate: 1s
3790850   00:00:27  pgbench   pgbench_accounts  active    IO.WALSync  scanning heap  3781592         15.00            0.00              3264         0             autovacuum: VACUUM public.pgben~
2021/06/14 11:56:35, rate: 1s
3790850   00:00:28  pgbench   pgbench_accounts  active    IO.WALSync  scanning heap  3781592         15.00            0.00              3248         0             autovacuum: VACUUM public.pgben~
2021/06/14 11:56:36, rate: 1s
3790850   00:00:29  pgbench   pgbench_accounts  active    IO.WALSync  scanning heap  3781592         15.00            0.00              3248         0             autovacuum: VACUUM public.pgben~
2021/06/14 11:56:37, rate: 1s
3790850   00:00:30  pgbench   pgbench_accounts  active    IO.WALSync  scanning heap  3781592         15.00            0.00              2920         0             autovacuum: VACUUM public.pgben~
2021/06/14 11:56:38, rate: 1s
3790850   00:00:31  pgbench   pgbench_accounts  active    IO.WALSync  scanning heap  3781592         15.00            0.00              3280         0             autovacuum: VACUUM public.pgben~
2021/06/14 11:56:39, rate: 1s
3790850   00:00:32  pgbench   pgbench_accounts  active    IO.WALSync  scanning heap  3781592         15.00            0.00              2232         0             autovacuum: VACUUM public.pgben~
2021/06/14 11:56:40, rate: 1s
3790850   00:00:33  pgbench   pgbench_accounts  active    Timeout.V~  scanning heap  3781592         16.00            0.00              2576         0             autovacuum: VACUUM public.pgben~
2021/06/14 11:56:41, rate: 1s
3790850   00:00:34  pgbench   pgbench_accounts  active    IO.WALSync  scanning heap  3781592         16.00            0.00              2368         0             autovacuum: VACUUM public.pgben~
2021/06/14 11:56:42, rate: 1s
3790850   00:00:35  pgbench   pgbench_accounts  active    IO.WALSync  scanning heap  3781592         16.00            0.00              2816         0             autovacuum: VACUUM public.pgben~
