[37;1mio_key      [0m[37;1mbackend_type       [0m[37;1mobject    [0m[37;1mcontext   [0m[37;1mreads     [0m[37;1mread,KiB  [0m[37;1mwrites    [0m[37;1mwrite,KiB  [0m[37;1mextends   [0m[37;1mext,KiB   [0m[37;1mhits      [0m[37;1mevictions  [0m[37;1mwritebacks  [0m[37;1mreuses    [0m[37;1mfsyncs    [0m[37;1mstats_age                         [0m
2026/05/19 10:00:01, rate: 1s
k_client01  client backend     relation  normal    700       5600      90        720        30        240       900       6          6           4         3         02:00:00
k_bgwrit01  background writer  relation  normal    0         0         90        720        0         0         0         0          30          0         0         02:00:00
k_wal00001  walwriter          wal       normal    0         0         800       6400       200       1600      0         0          0           0         0         02:00:00
