[37;1mslot_name  [0m[37;1mslot_type  [0m[37;1mactive  [0m[37;1mwal_status  [0m[37;1mretained,KiB  [0m[37;1msafe,KiB  [0m[37;1mspill_txns  [0m[37;1mspill_count  [0m[37;1mspill,KiB  [0m[37;1mstream_txns  [0m[37;1mstream_count  [0m[37;1mstream,KiB  [0m[37;1mtotal_txns  [0m[37;1mtotal,KiB  [0m[37;1mstats_age  [0m
