[37;1msource    [0m[37;1mckpt_timed  [0m[37;1mckpt_req  [0m[37;1mrstpt_timed  [0m[37;1mrstpt_req  [0m[37;1mrstpt_done  [0m[37;1mckpt_write,ms  [0m[37;1mckpt_sync,ms  [0m[37;1mbuf_ckpt  [0m[37;1mbuf_clean  [0m[37;1mmaxwritten  [0m[37;1mbuf_alloc  [0m[37;1mstats_age  [0m
2026/05/19 10:00:01, rate: 1s
Bgwriter  11          3         5            2          4           50.00          10.00         500       200        3           1000       02:00:00
