[37;1mpid       [0m[37;1mcl_addr       [0m[37;1mcl_port   [0m[37;1mdatname   [0m[37;1musename   [0m[37;1mappname     [0m[37;1mbackend_type    [0m[37;1mwait_etype  [0m[37;1mwait_event     [0m[37;1mstate     [0m[37;1mxact_age  [0m[37;1mquery_age        [0m[37;1mchange_age       [0m[37;1mquery                             [0m
2021/06/14 11:56:34, rate: 1s
3781537                 -1        pgbench   lesovsky              client backend                             active    00:00:00  00:00:00         00:00:00         SELECT pid, client_addr AS cl_a~
3781499                 -1        pgbench   postgres  pgbench     client backend                             active    00:00:00  00:00:00         00:00:00         SELECT abalance FROM pgbench_ac~
3781498                 -1        pgbench   postgres  pgbench     client backend  IO          DataFileRead   active    00:00:00  00:00:00         00:00:00         SELECT abalance FROM pgbench_ac~
3781495                 -1        pgbench   postgres  pgbench     client backend  Lock        transactionid  active    00:00:00  00:00:00         00:00:00         UPDATE pgbench_branches SET bba~
3781494                 -1        pgbench   postgres  pgbench     client backend  LWLock      WALWrite       active    00:00:00  00:00:00         00:00:00         END;
3781493                 -1        pgbench   postgres  pgbench     client backend  LWLock      WALWrite       active    00:00:00  00:00:00         00:00:00         END;
3781492                 -1        pgbench   postgres  pgbench     client backend  LWLock      WALWrite       active    00:00:00  00:00:00         00:00:00         END;
3781491                 -1        pgbench   postgres  pgbench     client backend  LWLock      WALWrite       active    00:00:00  00:00:00         00:00:00         END;
3781490                 -1        pgbench   postgres  pgbench     client backend  LWLock      WALWrite       active    00:00:00  00:00:00         00:00:00         END;
3781489                 -1        pgbench   postgres  pgbench     client backend  IO          WALSync        active    00:00:00  00:00:00         00:00:00         END;
3781488                 -1        pgbench   postgres  pgbench     client backend  LWLock      WALWrite       active    00:00:00  00:00:00         00:00:00         END;
2967718   127.0.0.1/32  35960               postgres  14/replica  walsender       Activity    WalSenderMain  active              3 days 18:14:30  3 days 18:14:30  START_REPLICATION 36/E3000000 T~
2021/06/14 11:56:35, rate: 1s
3781538                 -1        pgbench   lesovsky              client backend                             active    00:00:00  00:00:00         00:00:00         SELECT pid, client_addr AS cl_a~
3781499                 -1        pgbench   postgres  pgbench     client backend                             active    00:00:00  00:00:00         00:00:00         SELECT abalance FROM pgbench_ac~
3781498                 -1        pgbench   postgres  pgbench     client backend                             active    00:00:00  00:00:00         00:00:00         SELECT abalance FROM pgbench_ac~
3781495                 -1        pgbench   postgres  pgbench     client backend  LWLock      WALWrite       active    00:00:00  00:00:00         00:00:00         END;
3781494                 -1        pgbench   postgres  pgbench     client backend  LWLock      WALWrite       active    00:00:00  00:00:00         00:00:00         END;
3781493                 -1        pgbench   postgres  pgbench     client backend  LWLock      WALWrite       active    00:00:00  00:00:00         00:00:00         END;
3781492                 -1        pgbench   postgres  pgbench     client backend  LWLock      WALWrite       active    00:00:00  00:00:00         00:00:00         END;
3781491                 -1        pgbench   postgres  pgbench     client backend  LWLock      WALWrite       active    00:00:00  00:00:00         00:00:00         END;
3781490                 -1        pgbench   postgres  pgbench     client backend  LWLock      WALWrite       active    00:00:00  00:00:00         00:00:00         END;
3781489                 -1        pgbench   postgres  pgbench     client backend  LWLock      WALWrite       active    00:00:00  00:00:00         00:00:00         END;
3781488                 -1        pgbench   postgres  pgbench     client backend  IO          WALSync        active    00:00:00  00:00:00         00:00:00         END;
2967718   127.0.0.1/32  35960               postgres  14/replica  walsender       Activity    WalSenderMain  active              3 days 18:14:31  3 days 18:14:31  START_REPLICATION 36/E3000000 T~
[37;1mpid       [0m[37;1mcl_addr       [0m[37;1mcl_port   [0m[37;1mdatname   [0m[37;1musename   [0m[37;1mappname     [0m[37;1mbackend_type    [0m[37;1mwait_etype  [0m[37;1mwait_event     [0m[37;1mstate     [0m[37;1mxact_age  [0m[37;1mquery_age        [0m[37;1mchange_age       [0m[37;1mquery                             [0m
2021/06/14 11:56:36, rate: 1s
3781540                 -1        pgbench   lesovsky              client backend                             active    00:00:00  00:00:00         00:00:00         SELECT pid, client_addr AS cl_a~
3781499                 -1        pgbench   postgres  pgbench     client backend                             active    00:00:00  00:00:00         00:00:00         SELECT abalance FROM pgbench_ac~
3781498                 -1        pgbench   postgres  pgbench     client backend  Client      ClientRead     active    00:00:00  00:00:00         00:00:00         SELECT abalance FROM pgbench_ac~
3781495                 -1        pgbench   postgres  pgbench     client backend  LWLock      WALWrite       active    00:00:00  00:00:00         00:00:00         END;
3781494                 -1        pgbench   postgres  pgbench     client backend  LWLock      WALWrite       active    00:00:00  00:00:00         00:00:00         END;
3781493                 -1        pgbench   postgres  pgbench     client backend  LWLock      WALWrite       active    00:00:00  00:00:00         00:00:00         END;
3781492                 -1        pgbench   postgres  pgbench     client backend  IO          WALSync        active    00:00:00  00:00:00         00:00:00         END;
3781491                 -1        pgbench   postgres  pgbench     client backend  LWLock      WALWrite       active    00:00:00  00:00:00         00:00:00         END;
3781490                 -1        pgbench   postgres  pgbench     client backend  LWLock      WALWrite       active    00:00:00  00:00:00         00:00:00         END;
3781489                 -1        pgbench   postgres  pgbench     client backend  LWLock      WALWrite       active    00:00:00  00:00:00         00:00:00         END;
3781488                 -1        pgbench   postgres  pgbench     client backend  Lock        transactionid  active    00:00:00  00:00:00         00:00:00         UPDATE pgbench_branches SET bba~
2967718   127.0.0.1/32  35960               postgres  14/replica  walsender       Activity    WalSenderMain  active              3 days 18:14:32  3 days 18:14:32  START_REPLICATION 36/E3000000 T~
2021/06/14 11:56:37, rate: 1s
3781541                 -1        pgbench   lesovsky              client backend                             active    00:00:00  00:00:00         00:00:00         SELECT pid, client_addr AS cl_a~
3781499                 -1        pgbench   postgres  pgbench     client backend                             active    00:00:00  00:00:00         00:00:00         SELECT abalance FROM pgbench_ac~
3781498                 -1        pgbench   postgres  pgbench     client backend                             active    00:00:00  00:00:00         00:00:00         SELECT abalance FROM pgbench_ac~
3781495                 -1        pgbench   postgres  pgbench     client backend  LWLock      WALWrite       active    00:00:00  00:00:00         00:00:00         END;
3781494                 -1        pgbench   postgres  pgbench     client backend  LWLock      WALWrite       active    00:00:00  00:00:00         00:00:00         END;
3781493                 -1        pgbench   postgres  pgbench     client backend  LWLock      WALWrite       active    00:00:00  00:00:00         00:00:00         END;
3781492                 -1        pgbench   postgres  pgbench     client backend  IO          WALSync        active    00:00:00  00:00:00         00:00:00         END;
3781491                 -1        pgbench   postgres  pgbench     client backend  LWLock      WALWrite       active    00:00:00  00:00:00         00:00:00         END;
3781490                 -1        pgbench   postgres  pgbench     client backend  LWLock      WALWrite       active    00:00:00  00:00:00         00:00:00         END;
3781489                 -1        pgbench   postgres  pgbench     client backend  LWLock      WALWrite       active    00:00:00  00:00:00         00:00:00         END;
3781488                 -1        pgbench   postgres  pgbench     client backend  LWLock      WALWrite       active    00:00:00  00:00:00         00:00:00         END;
2967718   127.0.0.1/32  35960               postgres  14/replica  walsender       Activity    WalSenderMain  active              3 days 18:14:33  3 days 18:14:33  START_REPLICATION 36/E3000000 T~
[37;1mpid       [0m[37;1mcl_addr       [0m[37;1mcl_port   [0m[37;1mdatname   [0m[37;1musename   [0m[37;1mappname     [0m[37;1mbackend_type    [0m[37;1mwait_etype  [0m[37;1mwait_event     [0m[37;1mstate     [0m[37;1mxact_age  [0m[37;1mquery_age        [0m[37;1mchange_age       [0m[37;1mquery                             [0m
2021/06/14 11:56:38, rate: 1s
3781546                 -1        pgbench   lesovsky              client backend                             active    00:00:00  00:00:00         00:00:00         SELECT pid, client_addr AS cl_a~
3781498                 -1        pgbench   postgres  pgbench     client backend                             active    00:00:00  00:00:00         00:00:00         SELECT abalance FROM pgbench_ac~
3781495                 -1        pgbench   postgres  pgbench     client backend  LWLock      WALWrite       active    00:00:00  00:00:00         00:00:00         END;
3781494                 -1        pgbench   postgres  pgbench     client backend  LWLock      WALWrite       active    00:00:00  00:00:00         00:00:00         END;
3781493                 -1        pgbench   postgres  pgbench     client backend  LWLock      WALWrite       active    00:00:00  00:00:00         00:00:00         END;
3781492                 -1        pgbench   postgres  pgbench     client backend  LWLock      WALWrite       active    00:00:00  00:00:00         00:00:00         END;
3781491                 -1        pgbench   postgres  pgbench     client backend  IO          WALSync        active    00:00:00  00:00:00         00:00:00         END;
3781490                 -1        pgbench   postgres  pgbench     client backend  LWLock      WALWrite       active    00:00:00  00:00:00         00:00:00         END;
3781489                 -1        pgbench   postgres  pgbench     client backend  LWLock      WALWrite       active    00:00:00  00:00:00         00:00:00         END;
3781488                 -1        pgbench   postgres  pgbench     client backend  LWLock      WALWrite       active    00:00:00  00:00:00         00:00:00         END;
2967718   127.0.0.1/32  35960               postgres  14/replica  walsender       Activity    WalSenderMain  active              3 days 18:14:34  3 days 18:14:34  START_REPLICATION 36/E3000000 T~
2021/06/14 11:56:39, rate: 1s
3781547                 -1        pgbench   lesovsky              client backend                             active    00:00:00  00:00:00         00:00:00         SELECT pid, client_addr AS cl_a~
3781499                 -1        pgbench   postgres  pgbench     client backend  IO          DataFileRead   active    00:00:00  00:00:00         00:00:00         SELECT abalance FROM pgbench_ac~
3781498                 -1        pgbench   postgres  pgbench     client backend                             active    00:00:00  00:00:00         00:00:00         SELECT abalance FROM pgbench_ac~
3781495                 -1        pgbench   postgres  pgbench     client backend  LWLock      WALWrite       active    00:00:00  00:00:00         00:00:00         END;
3781494                 -1        pgbench   postgres  pgbench     client backend  LWLock      WALWrite       active    00:00:00  00:00:00         00:00:00         END;
3781493                 -1        pgbench   postgres  pgbench     client backend  LWLock      WALWrite       active    00:00:00  00:00:00         00:00:00         END;
3781492                 -1        pgbench   postgres  pgbench     client backend  Lock        transactionid  active    00:00:00  00:00:00         00:00:00         UPDATE pgbench_branches SET bba~
3781491                 -1        pgbench   postgres  pgbench     client backend  IO          WALSync        active    00:00:00  00:00:00         00:00:00         END;
3781490                 -1        pgbench   postgres  pgbench     client backend  LWLock      WALWrite       active    00:00:00  00:00:00         00:00:00         END;
3781489                 -1        pgbench   postgres  pgbench     client backend  LWLock      WALWrite       active    00:00:00  00:00:00         00:00:00         END;
3781488                 -1        pgbench   postgres  pgbench     client backend  LWLock      WALWrite       active    00:00:00  00:00:00         00:00:00         END;
2967718   127.0.0.1/32  35960               postgres  14/replica  walsender       Activity    WalSenderMain  active              3 days 18:14:35  3 days 18:14:35  START_REPLICATION 36/E3000000 T~
[37;1mpid       [0m[37;1mcl_addr       [0m[37;1mcl_port   [0m[37;1mdatname   [0m[37;1musename   [0m[37;1mappname     [0m[37;1mbackend_type    [0m[37;1mwait_etype  [0m[37;1mwait_event     [0m[37;1mstate     [0m[37;1mxact_age  [0m[37;1mquery_age        [0m[37;1mchange_age       [0m[37;1mquery                             [0m
2021/06/14 11:56:40, rate: 1s
3781551                 -1        pgbench   lesovsky              client backend                             active    00:00:00  00:00:00         00:00:00         SELECT pid, client_addr AS cl_a~
3781498                 -1        pgbench   postgres  pgbench     client backend                             active    00:00:00  00:00:00         00:00:00         SELECT abalance FROM pgbench_ac~
3781495                 -1        pgbench   postgres  pgbench     client backend  LWLock      WALWrite       active    00:00:00  00:00:00         00:00:00         END;
3781494                 -1        pgbench   postgres  pgbench     client backend  IO          WALSync        active    00:00:00  00:00:00         00:00:00         END;
3781493                 -1        pgbench   postgres  pgbench     client backend  LWLock      WALWrite       active    00:00:00  00:00:00         00:00:00         END;
3781492                 -1        pgbench   postgres  pgbench     client backend  LWLock      WALWrite       active    00:00:00  00:00:00         00:00:00         END;
3781491                 -1        pgbench   postgres  pgbench     client backend  LWLock      WALWrite       active    00:00:00  00:00:00         00:00:00         END;
3781490                 -1        pgbench   postgres  pgbench     client backend  LWLock      WALWrite       active    00:00:00  00:00:00         00:00:00         END;
3781489                 -1        pgbench   postgres  pgbench     client backend  LWLock      WALWrite       active    00:00:00  00:00:00         00:00:00         END;
3781488                 -1        pgbench   postgres  pgbench     client backend  LWLock      WALWrite       active    00:00:00  00:00:00         00:00:00         END;
2967718   127.0.0.1/32  35960               postgres  14/replica  walsender       Activity    WalSenderMain  active              3 days 18:14:36  3 days 18:14:36  START_REPLICATION 36/E3000000 T~
2021/06/14 11:56:41, rate: 1s
3781552                 -1        pgbench   lesovsky              client backend                             active    00:00:00  00:00:00         00:00:00         SELECT pid, client_addr AS cl_a~
3781499                 -1        pgbench   postgres  pgbench     client backend  Client      ClientRead     active    00:00:00  00:00:00         00:00:00         SELECT abalance FROM pgbench_ac~
3781495                 -1        pgbench   postgres  pgbench     client backend  LWLock      WALWrite       active    00:00:00  00:00:00         00:00:00         END;
3781494                 -1        pgbench   postgres  pgbench     client backend  LWLock      WALWrite       active    00:00:00  00:00:00         00:00:00         END;
3781493                 -1        pgbench   postgres  pgbench     client backend  LWLock      WALWrite       active    00:00:00  00:00:00         00:00:00         END;
3781492                 -1        pgbench   postgres  pgbench     client backend  LWLock      WALWrite       active    00:00:00  00:00:00         00:00:00         END;
3781491                 -1        pgbench   postgres  pgbench     client backend  IO          WALSync        active    00:00:00  00:00:00         00:00:00         END;
3781490                 -1        pgbench   postgres  pgbench     client backend  LWLock      WALWrite       active    00:00:00  00:00:00         00:00:00         END;
3781489                 -1        pgbench   postgres  pgbench     client backend  LWLock      WALWrite       active    00:00:00  00:00:00         00:00:00         END;
3781488                 -1        pgbench   postgres  pgbench     client backend  LWLock      WALWrite       active    00:00:00  00:00:00         00:00:00         END;
2967718   127.0.0.1/32  35960               postgres  14/replica  walsender       Activity    WalSenderMain  active              3 days 18:14:37  3 days 18:14:37  START_REPLICATION 36/E3000000 T~
[37;1mpid       [0m[37;1mcl_addr       [0m[37;1mcl_port   [0m[37;1mdatname   [0m[37;1musename   [0m[37;1mappname     [0m[37;1mbackend_type    [0m[37;1mwait_etype  [0m[37;1mwait_event     [0m[37;1mstate     [0m[37;1mxact_age  [0m[37;1mquery_age        [0m[37;1mchange_age       [0m[37;1mquery                             [0m
2021/06/14 11:56:42, rate: 1s
3781555                 -1        pgbench   lesovsky              client backend                             active    00:00:00  00:00:00         00:00:00         SELECT pid, client_addr AS cl_a~
3781498                 -1        pgbench   postgres  pgbench     client backend                             active    00:00:00  00:00:00         00:00:00         SELECT abalance FROM pgbench_ac~
3781495                 -1        pgbench   postgres  pgbench     client backend  LWLock      WALWrite       active    00:00:00  00:00:00         00:00:00         END;
3781494                 -1        pgbench   postgres  pgbench     client backend  LWLock      WALWrite       active    00:00:00  00:00:00         00:00:00         END;
3781493                 -1        pgbench   postgres  pgbench     client backend  LWLock      WALWrite       active    00:00:00  00:00:00         00:00:00         END;
3781492                 -1        pgbench   postgres  pgbench     client backend  IO          WALSync        active    00:00:00  00:00:00         00:00:00         END;
3781491                 -1        pgbench   postgres  pgbench     client backend  LWLock      WALWrite       active    00:00:00  00:00:00         00:00:00         END;
3781490                 -1        pgbench   postgres  pgbench     client backend  LWLock      WALWrite       active    00:00:00  00:00:00         00:00:00         END;
3781489                 -1        pgbench   postgres  pgbench     client backend  LWLock      WALWrite       active    00:00:00  00:00:00         00:00:00         END;
3781488                 -1        pgbench   postgres  pgbench     client backend  LWLock      WALWrite       active    00:00:00  00:00:00         00:00:00         END;
2967718   127.0.0.1/32  35960               postgres  14/replica  walsender       Activity    WalSenderMain  active              3 days 18:14:38  3 days 18:14:38  START_REPLICATION 36/E3000000 T~
