         [37;1muser      [0m[37;1mdatabase                  [0m[37;1mt_all_t   [0m[37;1mt_read_t  [0m[37;1mt_write_t  [0m[37;1mt_cpu_t   [0m[37;1mall_t     [0m[37;1mread_t    [0m[37;1mwrite_t   [0m[37;1mcpu_t     [0m[37;1mcalls     [0m[37;1mqueryid     [0m[37;1mquery                                                             [0m
15:31:27 pgscv     lesovsky                  00:00:00  00:00:00  00:00:00   00:00:00  0         0         0         0         0         f70efdcefd  SELECT c1.relnamespace::regnamespace::text AS schemaname, c1.re~
         pgscv     accounts_db_test          00:00:00  00:00:00  00:00:00   00:00:00  0         0         0         0         0         124de8ec44  SELECT schemaname, sequencename AS seqname, coalesce(last_value~
         pgscv     postgres                  00:00:00  00:00:00  00:00:00   00:00:00  0         0         0         0         0         f248313359  SELECT database, slot_name, slot_type, active, pg_current_wal_l~
         pgscv     testdb                    00:00:02  00:00:00  00:00:00   00:00:01  0         0         0         0         0         e175fddb9d  SELECT current_database() AS datname, schemaname, funcname, cal~
         pgscv     lesovsky                  00:00:01  00:00:00  00:00:00   00:00:01  0         0         0         0         0         9e3328b839  SELECT sum(pg_total_relation_size(relname::regclass)) AS bytes ~
         pgscv     lesovsky                  00:00:01  00:00:00  00:00:00   00:00:01  0         0         0         0         0         76c45062cb  SELECT current_database() AS datname, schemaname, funcname, cal~
         pgscv     postgres                  00:00:01  00:00:00  00:00:00   00:00:00  0         0         0         0         0         305909c8fb  SELECT current_database() AS datname, schemaname, funcname, cal~
         pgscv     lesovsky                  00:00:00  00:00:00  00:00:00   00:00:00  0         0         0         0         0         b26af96165  WITH index_data AS ( SELECT *, string_to_array(indkey::text,$1)~
         pgscv     pgscv_fixtures            00:00:00  00:00:00  00:00:00   00:00:00  0         0         0         0         0         77dd07bfa5  SELECT n.nspname AS schemaname, c.relname AS relname FROM pg_cl~
         pgscv     postgres                  00:00:00  00:00:00  00:00:00   00:00:00  0         0         0         0         0         7fd1b69d21  SELECT datname FROM pg_database WHERE NOT datistemplate AND dat~
