         [37;1mindex                             [0m[37;1mscan      [0m[37;1mtuples_read  [0m[37;1mtuples_fetch  [0m[37;1mhit       [0m[37;1mread,KiB                          [0m
11:56:34 public.pgbench_tellers.pgbench_~  35        35           35            69        8
         public.pgbench_branches.pgbench~  35        35           35            35        0
         public.pgbench_accounts.pgbench~  23277     23369        23277         51061     151392
11:56:35 public.pgbench_tellers.pgbench_~  53        53           53            106       0
         public.pgbench_branches.pgbench~  53        53           53            53        0
         public.pgbench_accounts.pgbench~  32721     32836        32721         71776     212768
11:56:36 public.pgbench_tellers.pgbench_~  37        37           37            73        8
         public.pgbench_branches.pgbench~  37        37           37            37        0
         public.pgbench_accounts.pgbench~  25971     26055        25971         56896     169336
11:56:37 public.pgbench_tellers.pgbench_~  34        34           34            67        8
         public.pgbench_branches.pgbench~  34        34           34            34        0
         public.pgbench_accounts.pgbench~  26479     26565        26479         58089     171952
11:56:38 public.pgbench_tellers.pgbench_~  39        39           39            77        8
         public.pgbench_branches.pgbench~  39        39           39            39        0
         public.pgbench_accounts.pgbench~  22666     22740        22666         49776     146896
11:56:39 public.pgbench_tellers.pgbench_~  33        33           33            66        0
         public.pgbench_branches.pgbench~  33        33           33            33        0
         public.pgbench_accounts.pgbench~  22660     22748        22660         49729     147208
11:56:40 public.pgbench_tellers.pgbench_~  37        37           37            75        8
         public.pgbench_branches.pgbench~  37        37           37            37        0
         public.pgbench_accounts.pgbench~  11897     11960        11897         26085     77760
         [37;1mindex                             [0m[37;1mscan      [0m[37;1mtuples_read  [0m[37;1mtuples_fetch  [0m[37;1mhit       [0m[37;1mread,KiB                          [0m
11:56:41 public.pgbench_tellers.pgbench_~  32        32           32            63        8
         public.pgbench_branches.pgbench~  32        32           32            32        0
         public.pgbench_accounts.pgbench~  29633     29730        29633         65063     191880
11:56:42 public.pgbench_tellers.pgbench_~  52        52           52            103       8
         public.pgbench_branches.pgbench~  52        52           52            52        0
         public.pgbench_accounts.pgbench~  26425     26519        26425         57938     172136
